
Discarded input sections

 .data          0x0000000000000000        0x0 arch/arm/cpu/armv8/start.o
 .bss           0x0000000000000000        0x0 arch/arm/cpu/armv8/start.o
 .text.sdelay   0x0000000000000000        0xc arch/arm/cpu/armv8/built-in.o
 .text.timer_read_counter
                0x0000000000000000        0xc arch/arm/cpu/armv8/built-in.o
 .text.usec2ticks
                0x0000000000000000       0x44 arch/arm/cpu/armv8/built-in.o
 .text.flush_dcache_all
                0x0000000000000000       0x14 arch/arm/cpu/armv8/built-in.o
 .text.arch_get_page_table
                0x0000000000000000       0x20 arch/arm/cpu/armv8/built-in.o
 .text.mmu_change_region_attr
                0x0000000000000000       0xe0 arch/arm/cpu/armv8/built-in.o
 .text.icache_status
                0x0000000000000000       0x34 arch/arm/cpu/armv8/built-in.o
 .text.armv8_switch_to_el1
                0x0000000000000000       0xd0 arch/arm/cpu/armv8/built-in.o
 efi_runtime_text
                0x0000000000000000       0x88 arch/arm/cpu/armv8/built-in.o
 .data          0x0000000000000000        0x0 arch/arm/cpu/armv8/built-in.o
 .bss           0x0000000000000000        0x0 arch/arm/cpu/armv8/built-in.o
 .text.armv7_boot_nonsec_default
                0x0000000000000000        0x8 arch/arm/lib/built-in.o
 .text.enable_caches
                0x0000000000000000        0xc arch/arm/lib/built-in.o
 .text.invalidate_dcache_range
                0x0000000000000000        0x4 arch/arm/lib/built-in.o
 .text.flush_dcache_range
                0x0000000000000000        0x4 arch/arm/lib/built-in.o
 .text.flush_dcache_all
                0x0000000000000000        0xc arch/arm/lib/built-in.o
 .text.check_cache_range
                0x0000000000000000       0x40 arch/arm/lib/built-in.o
 .text.fdt_psci
                0x0000000000000000        0x8 arch/arm/lib/built-in.o
 .data          0x0000000000000000        0x0 arch/arm/lib/built-in.o
 .__secure_end  0x0000000000000000        0x0 arch/arm/lib/built-in.o
 .__secure_stack_start
                0x0000000000000000        0x0 arch/arm/lib/built-in.o
 .__secure_stack_end
                0x0000000000000000        0x0 arch/arm/lib/built-in.o
 .__end         0x0000000000000000        0x0 arch/arm/lib/built-in.o
 .__secure_start
                0x0000000000000000        0x0 arch/arm/lib/built-in.o
 .bss           0x0000000000000000        0x0 arch/arm/lib/built-in.o
 .text          0x0000000000000000        0x0 arch/arm/mach-bcm283x/built-in.o
 .text.hw_watchdog_disable
                0x0000000000000000        0x4 arch/arm/mach-bcm283x/built-in.o
 .data          0x0000000000000000        0x0 arch/arm/mach-bcm283x/built-in.o
 .bss           0x0000000000000000        0x0 arch/arm/mach-bcm283x/built-in.o
 .text.board_fdt_blob_setup
                0x0000000000000000       0x24 board/raspberrypi/rpi/built-in.o
 .data          0x0000000000000000        0x0 board/raspberrypi/rpi/built-in.o
 .bss           0x0000000000000000        0x0 board/raspberrypi/rpi/built-in.o
 .text          0x0000000000000000        0x0 cmd/built-in.o
 .text.name_to_gpio
                0x0000000000000000       0x1c cmd/built-in.o
 .data          0x0000000000000000        0x0 cmd/built-in.o
 .bss           0x0000000000000000        0x0 cmd/built-in.o
 .text          0x0000000000000000        0x0 common/built-in.o
 .text.hash_finish_crc32
                0x0000000000000000       0x38 common/built-in.o
 .text.hash_update_crc32
                0x0000000000000000       0x34 common/built-in.o
 .text.hash_init_crc32
                0x0000000000000000       0x2c common/built-in.o
 .text.hash_lookup_algo
                0x0000000000000000       0x3c common/built-in.o
 .text.hash_progressive_lookup_algo
                0x0000000000000000       0x44 common/built-in.o
 .text.hash_parse_string
                0x0000000000000000       0x78 common/built-in.o
 .text.hash_block
                0x0000000000000000       0x78 common/built-in.o
 .text.unset_local_var
                0x0000000000000000       0xb8 common/built-in.o
 .text.arch_cpu_init
                0x0000000000000000        0x8 common/built-in.o
 .text.coloured_LED_init
                0x0000000000000000        0x4 common/built-in.o
 .text.red_led_on
                0x0000000000000000        0x4 common/built-in.o
 .text.red_led_off
                0x0000000000000000        0x4 common/built-in.o
 .text.green_led_on
                0x0000000000000000        0x4 common/built-in.o
 .text.green_led_off
                0x0000000000000000        0x4 common/built-in.o
 .text.yellow_led_on
                0x0000000000000000        0x4 common/built-in.o
 .text.yellow_led_off
                0x0000000000000000        0x4 common/built-in.o
 .text.blue_led_on
                0x0000000000000000        0x4 common/built-in.o
 .text.blue_led_off
                0x0000000000000000        0x4 common/built-in.o
 .text.board_get_usable_ram_top
[...]
Memory Configuration

Name             Origin             Length             Attributes
*default*        0x0000000000000000 0xffffffffffffffff

Linker script and memory map

Address of section .text set to 0x80000
                0x0000000000000000                . = 0x0
                0x0000000000000000                . = ALIGN (0x8)

.text           0x0000000000080000    0x4779c
 *(.__image_copy_start)
 .__image_copy_start
                0x0000000000080000        0x0 arch/arm/lib/built-in.o
                0x0000000000080000                __image_copy_start
 arch/arm/cpu/armv8/start.o(.text*)
 .text          0x0000000000080000      0x100 arch/arm/cpu/armv8/start.o
                0x0000000000080000                _start
                0x0000000000080008                _TEXT_BASE
                0x0000000000080010                _end_ofs
                0x0000000000080018                _bss_start_ofs
                0x0000000000080020                _bss_end_ofs
                0x000000000008002c                save_boot_params_ret
                0x000000000008008c                apply_core_errata
                0x00000000000800b0                lowlevel_init
                0x00000000000800bc                smp_kick_all_cpus
                0x00000000000800c0                c_runtime_cpu_setup
 *(.text*)
 *fill*         0x0000000000080100      0x700 
 .text          0x0000000000080800     0x1000 arch/arm/cpu/armv8/built-in.o
                0x0000000000080800                vectors
 .text.cleanup_before_linux
                0x0000000000081800       0x28 arch/arm/cpu/armv8/built-in.o
                0x0000000000081800                cleanup_before_linux
 .text.get_tbclk
                0x0000000000081828        0x8 arch/arm/cpu/armv8/built-in.o
                0x0000000000081828                get_tbclk
 .text.get_ticks
                0x0000000000081830       0x10 arch/arm/cpu/armv8/built-in.o
                0x0000000000081830                get_ticks
 .text.count_required_pts
                0x0000000000081840       0xf4 arch/arm/cpu/armv8/built-in.o
 .text.create_table
                0x0000000000081934       0x70 arch/arm/cpu/armv8/built-in.o
 .text.split_block
                0x00000000000819a4       0x94 arch/arm/cpu/armv8/built-in.o
 .text.get_tcr  0x0000000000081a38       0xf8 arch/arm/cpu/armv8/built-in.o
                0x0000000000081a38                get_tcr
 .text.find_pte
                0x0000000000081b30       0xa0 arch/arm/cpu/armv8/built-in.o
 .text.set_one_region
                0x0000000000081bd0      0x108 arch/arm/cpu/armv8/built-in.o
 .text.get_page_table_size
                0x0000000000081cd8       0x48 arch/arm/cpu/armv8/built-in.o
                0x0000000000081cd8                get_page_table_size
 .text.setup_pgtables
                0x0000000000081d20      0x170 arch/arm/cpu/armv8/built-in.o
                0x0000000000081d20                setup_pgtables
 .text.mmu_setup
                0x0000000000081e90      0x158 arch/arm/cpu/armv8/built-in.o
                0x0000000000081e90                mmu_setup
 .text.invalidate_dcache_all
                0x0000000000081fe8       0x14 arch/arm/cpu/armv8/built-in.o
                0x0000000000081fe8                invalidate_dcache_all
 .text.invalidate_dcache_range
                0x0000000000081ffc        0x4 arch/arm/cpu/armv8/built-in.o
                0x0000000000081ffc                invalidate_dcache_range
 .text.flush_dcache_range
                0x0000000000082000        0x4 arch/arm/cpu/armv8/built-in.o
                0x0000000000082000                flush_dcache_range
 .text.dcache_enable
                0x0000000000082004       0xac arch/arm/cpu/armv8/built-in.o
                0x0000000000082004                dcache_enable
 .text.dcache_disable
                0x00000000000820b0       0x88 arch/arm/cpu/armv8/built-in.o
                0x00000000000820b0                dcache_disable
 .text.dcache_status
                0x0000000000082138       0x34 arch/arm/cpu/armv8/built-in.o
                0x0000000000082138                dcache_status
 .text.mmu_set_region_dcache_behaviour
                0x000000000008216c       0xa4 arch/arm/cpu/armv8/built-in.o
                0x000000000008216c                mmu_set_region_dcache_behaviour
 .text.icache_disable
                0x0000000000082210       0x64 arch/arm/cpu/armv8/built-in.o
                0x0000000000082210                icache_disable
 .text.invalidate_icache_all
                0x0000000000082274       0x14 arch/arm/cpu/armv8/built-in.o
                0x0000000000082274                invalidate_icache_all
 .text.icache_enable
                0x0000000000082288       0x74 arch/arm/cpu/armv8/built-in.o
                0x0000000000082288                icache_enable
 .text.enable_caches
                0x00000000000822fc       0x14 arch/arm/cpu/armv8/built-in.o
                0x00000000000822fc                enable_caches
 .text.__asm_dcache_level
                0x0000000000082310       0x64 arch/arm/cpu/armv8/built-in.o
                0x0000000000082310                __asm_dcache_level
 .text.__asm_dcache_all
                0x0000000000082374       0x60 arch/arm/cpu/armv8/built-in.o
                0x0000000000082374                __asm_dcache_all
 .text.__asm_flush_dcache_all
                0x00000000000823d4        0x8 arch/arm/cpu/armv8/built-in.o
                0x00000000000823d4                __asm_flush_dcache_all
 .text.__asm_invalidate_dcache_all
                0x00000000000823dc        0x8 arch/arm/cpu/armv8/built-in.o
                0x00000000000823dc                __asm_invalidate_dcache_all
 .text.__asm_flush_dcache_range
                0x00000000000823e4       0x34 arch/arm/cpu/armv8/built-in.o
                0x00000000000823e4                __asm_flush_dcache_range
 .text.__asm_invalidate_dcache_range
                0x0000000000082418       0x30 arch/arm/cpu/armv8/built-in.o
                0x0000000000082418                __asm_invalidate_dcache_range
 .text.__asm_invalidate_icache_all
                0x0000000000082448        0xc arch/arm/cpu/armv8/built-in.o
                0x0000000000082448                __asm_invalidate_icache_all
 .text.__asm_invalidate_l3_dcache
                0x0000000000082454        0x8 arch/arm/cpu/armv8/built-in.o
                0x0000000000082454                __asm_invalidate_l3_dcache
 .text.__asm_flush_l3_dcache
                0x000000000008245c        0x8 arch/arm/cpu/armv8/built-in.o
                0x000000000008245c                __asm_flush_l3_dcache
 .text.__asm_invalidate_l3_icache
                0x0000000000082464        0x8 arch/arm/cpu/armv8/built-in.o
                0x0000000000082464                __asm_invalidate_l3_icache
 .text.__asm_switch_ttbr
                0x000000000008246c       0xe0 arch/arm/cpu/armv8/built-in.o
                0x000000000008246c                __asm_switch_ttbr
 .text.__asm_invalidate_tlb_all
                0x000000000008254c       0x4c arch/arm/cpu/armv8/built-in.o
                0x000000000008254c                __asm_invalidate_tlb_all
 .text.armv8_switch_to_el2
                0x0000000000082598       0xb8 arch/arm/cpu/armv8/built-in.o
                0x0000000000082598                armv8_switch_to_el2
 .text.armv8_el2_to_aarch32
                0x0000000000082650        0x4 arch/arm/cpu/armv8/built-in.o
                0x0000000000082650                armv8_el2_to_aarch32
 *fill*         0x0000000000082654        0x4 
 .text          0x0000000000082658      0x158 arch/arm/lib/built-in.o
                0x0000000000082658                _main
                0x00000000000826d8                relocate_code
 .text.arch_fixup_fdt
                0x00000000000827b0       0x34 arch/arm/lib/built-in.o
                0x00000000000827b0                arch_fixup_fdt
 .text.arch_lmb_reserve
                0x00000000000827e4       0x24 arch/arm/lib/built-in.o
                0x00000000000827e4                arch_lmb_reserve
 .text.board_quiesce_devices
                0x0000000000082808        0x4 arch/arm/lib/built-in.o
                0x0000000000082808                board_quiesce_devices
 .text.setup_board_tags
                0x000000000008280c        0x4 arch/arm/lib/built-in.o
                0x000000000008280c                setup_board_tags
 .text.boot_prep_linux
                0x0000000000082810      0x1c4 arch/arm/lib/built-in.o
 .text.update_os_arch_secondary_cores
                0x00000000000829d4        0x4 arch/arm/lib/built-in.o
                0x00000000000829d4                update_os_arch_secondary_cores
 .text.boot_jump_linux
                0x00000000000829d8       0xc0 arch/arm/lib/built-in.o
 .text.do_bootm_linux
                0x0000000000082a98       0x78 arch/arm/lib/built-in.o
                0x0000000000082a98                do_bootm_linux
 .text.boot_prep_vxworks
                0x0000000000082b10       0x4c arch/arm/lib/built-in.o
                0x0000000000082b10                boot_prep_vxworks
 .text.boot_jump_vxworks
                0x0000000000082b5c       0x1c arch/arm/lib/built-in.o
                0x0000000000082b5c                boot_jump_vxworks
 .text.arch_reserve_stacks
                0x0000000000082b78       0x10 arch/arm/lib/built-in.o
                0x0000000000082b78                arch_reserve_stacks
 .text.interrupt_init
                0x0000000000082b88        0x8 arch/arm/lib/built-in.o
                0x0000000000082b88                interrupt_init
 .text.enable_interrupts
                0x0000000000082b90        0x4 arch/arm/lib/built-in.o
                0x0000000000082b90                enable_interrupts
 .text.disable_interrupts
                0x0000000000082b94        0x8 arch/arm/lib/built-in.o
                0x0000000000082b94                disable_interrupts
 .text.show_regs
                0x0000000000082b9c       0x7c arch/arm/lib/built-in.o
                0x0000000000082b9c                show_regs
 .text.do_bad_sync
                0x0000000000082c18       0x3c arch/arm/lib/built-in.o
                0x0000000000082c18                do_bad_sync
 .text.do_bad_irq
                0x0000000000082c54       0x3c arch/arm/lib/built-in.o
                0x0000000000082c54                do_bad_irq
 .text.do_bad_fiq
                0x0000000000082c90       0x3c arch/arm/lib/built-in.o
                0x0000000000082c90                do_bad_fiq
 .text.do_bad_error
                0x0000000000082ccc       0x3c arch/arm/lib/built-in.o
                0x0000000000082ccc                do_bad_error
 .text.do_sync  0x0000000000082d08       0x3c arch/arm/lib/built-in.o
                0x0000000000082d08                do_sync
 .text.do_irq   0x0000000000082d44       0x3c arch/arm/lib/built-in.o
                0x0000000000082d44                do_irq
 .text.do_fiq   0x0000000000082d80       0x3c arch/arm/lib/built-in.o
                0x0000000000082d80                do_fiq
 .text.do_error
                0x0000000000082dbc       0x3c arch/arm/lib/built-in.o
                0x0000000000082dbc                do_error
 .text.reset_misc
                0x0000000000082df8        0x4 arch/arm/lib/built-in.o
                0x0000000000082df8                reset_misc
 .text.do_reset
                0x0000000000082dfc       0x38 arch/arm/lib/built-in.o
                0x0000000000082dfc                do_reset
 .text.flush_cache
                0x0000000000082e34        0x8 arch/arm/lib/built-in.o
                0x0000000000082e34                flush_cache
 .text.arch_cpu_init
                0x0000000000082e3c       0x18 arch/arm/mach-bcm283x/built-in.o
                0x0000000000082e3c                arch_cpu_init
 .text.efi_reset_system_init
                0x0000000000082e54       0x10 arch/arm/mach-bcm283x/built-in.o
                0x0000000000082e54                efi_reset_system_init
 .text.bcm2835_mbox_call_raw
                0x0000000000082e64      0x14c arch/arm/mach-bcm283x/built-in.o
                0x0000000000082e64                bcm2835_mbox_call_raw
 .text.bcm2835_mbox_call_prop
                0x0000000000082fb0      0x100 arch/arm/mach-bcm283x/built-in.o
                0x0000000000082fb0                bcm2835_mbox_call_prop
 .text.bcm2835_power_on_module
                0x00000000000830b0       0x90 arch/arm/mach-bcm283x/built-in.o
                0x00000000000830b0                bcm2835_power_on_module
 .text.bcm2835_get_mmc_clock
                0x0000000000083140       0x9c arch/arm/mach-bcm283x/built-in.o
                0x0000000000083140                bcm2835_get_mmc_clock
 .text.bcm2835_get_video_size
                0x00000000000831dc       0x9c arch/arm/mach-bcm283x/built-in.o
                0x00000000000831dc                bcm2835_get_video_size
 .text.bcm2835_set_video_params
                0x0000000000083278      0x1d0 arch/arm/mach-bcm283x/built-in.o
                0x0000000000083278                bcm2835_set_video_params
 .text.phys_to_bus
                0x0000000000083448        0x8 arch/arm/mach-bcm283x/built-in.o
                0x0000000000083448                phys_to_bus
 .text.bus_to_phys
                0x0000000000083450        0x8 arch/arm/mach-bcm283x/built-in.o
                0x0000000000083450                bus_to_phys
 *fill*         0x0000000000083458       0xa8 
 .text          0x0000000000083500      0x100 board/raspberrypi/rpi/built-in.o
                0x0000000000083500                fw_dtb_pointer
                0x0000000000083508                save_boot_params
 .text.dram_init
                0x0000000000083600       0x80 board/raspberrypi/rpi/built-in.o
                0x0000000000083600                dram_init
 .text.board_get_usable_ram_top
                0x0000000000083680       0x28 board/raspberrypi/rpi/built-in.o
                0x0000000000083680                board_get_usable_ram_top
 .text.misc_init_r
                0x00000000000836a8      0x280 board/raspberrypi/rpi/built-in.o
                0x00000000000836a8                misc_init_r
 .text.board_init
                0x0000000000083928      0x1a4 board/raspberrypi/rpi/built-in.o
                0x0000000000083928                board_init
 .text.ft_board_setup
                0x0000000000083acc       0x2c board/raspberrypi/rpi/built-in.o
                0x0000000000083acc                ft_board_setup
 .text.do_go_exec
                0x0000000000083af8       0x20 cmd/built-in.o
                0x0000000000083af8                do_go_exec
 .text.do_go    0x0000000000083b18       0x88 cmd/built-in.o
 .text.do_bootm
                0x0000000000083ba0      0x110 cmd/built-in.o
                0x0000000000083ba0                do_bootm
 .text.do_bootd
                0x0000000000083cb0       0x24 cmd/built-in.o
                0x0000000000083cb0                do_bootd
 .text.image_info
                0x0000000000083cd4       0xe0 cmd/built-in.o
 .text.do_iminfo
                0x0000000000083db4       0x7c cmd/built-in.o
 .text.bootm_maybe_autostart
                0x0000000000083e30       0x84 cmd/built-in.o
                0x0000000000083e30                bootm_maybe_autostart
 .text.do_help  0x0000000000083eb4       0x40 cmd/built-in.o
 .text.do_version
                0x0000000000083ef4       0x40 cmd/built-in.o
 .text.blk_common_cmd
                0x0000000000083f34      0x334 cmd/built-in.o
                0x0000000000083f34                blk_common_cmd
 .text.source   0x0000000000084268       0xf0 cmd/built-in.o
                0x0000000000084268                source
 .text.do_source
                0x0000000000084358       0x54 cmd/built-in.o
 .text.print_num
                0x00000000000843ac       0x18 cmd/built-in.o
 .text.do_bdinfo
                0x00000000000843c4      0x104 cmd/built-in.o
 .text.efi_do_enter
                0x00000000000844c8       0x58 cmd/built-in.o
 .text.efi_init_obj_list
                0x0000000000084520       0x34 cmd/built-in.o
 .text.efi_run_in_el2
                0x0000000000084554       0x38 cmd/built-in.o
 .text.do_bootefi_exec
                0x000000000008458c      0x3b0 cmd/built-in.o
 .text.do_bootefi
                0x000000000008493c      0x13c cmd/built-in.o
 .text.efi_set_bootdev
                0x0000000000084a78      0x120 cmd/built-in.o
                0x0000000000084a78                efi_set_bootdev
 .text.do_booti
                0x0000000000084b98      0x198 cmd/built-in.o
                0x0000000000084b98                do_booti
 .text.do_coninfo
                0x0000000000084d30       0xe4 cmd/built-in.o
 .text.do_echo  0x0000000000084e14       0xe4 cmd/built-in.o
 .text.load_elf_image_shdr
                0x0000000000084ef8       0xa0 cmd/built-in.o
 .text.valid_elf_image
                0x0000000000084f98       0x54 cmd/built-in.o
                0x0000000000084f98                valid_elf_image
 .text.do_bootelf
                0x0000000000084fec      0x1d4 cmd/built-in.o
                0x0000000000084fec                do_bootelf
 .text.do_bootvx
                0x00000000000851c0      0x37c cmd/built-in.o
                0x00000000000851c0                do_bootvx
 .text.do_exit  0x000000000008553c       0x38 cmd/built-in.o
 .text.do_ext4_size
                0x0000000000085574        0x8 cmd/built-in.o
                0x0000000000085574                do_ext4_size
 .text.do_ext4_load
                0x000000000008557c        0x8 cmd/built-in.o
                0x000000000008557c                do_ext4_load
 .text.do_ext4_ls
                0x0000000000085584        0x8 cmd/built-in.o
                0x0000000000085584                do_ext4_ls
 .text.do_ext2load
                0x000000000008558c        0x8 cmd/built-in.o
                0x000000000008558c                do_ext2load
 .text.do_ext2ls
                0x0000000000085594        0x8 cmd/built-in.o
 .text.do_fat_size
                0x000000000008559c        0x8 cmd/built-in.o
                0x000000000008559c                do_fat_size
 .text.do_fat_fsload
                0x00000000000855a4        0x8 cmd/built-in.o
                0x00000000000855a4                do_fat_fsload
 .text.do_fat_ls
                0x00000000000855ac        0x8 cmd/built-in.o
 .text.do_fat_fsinfo
                0x00000000000855b4       0x9c cmd/built-in.o
 .text.do_fat_fswrite
                0x0000000000085650      0x124 cmd/built-in.o
 .text.fdt_valid
                0x0000000000085774       0xcc cmd/built-in.o
 .text.is_printable_string
                0x0000000000085840       0x8c cmd/built-in.o
 .text.print_data
                0x00000000000858cc      0x1d0 cmd/built-in.o
 .text.set_working_fdt_addr
                0x0000000000085a9c       0x18 cmd/built-in.o
                0x0000000000085a9c                set_working_fdt_addr
 .text.do_fdt   0x0000000000085ab4     0x102c cmd/built-in.o
 .text.do_size_wrapper
                0x0000000000086ae0        0x8 cmd/built-in.o
 .text.do_load_wrapper
                0x0000000000086ae8       0x80 cmd/built-in.o
 .text.do_save_wrapper
                0x0000000000086b68        0x8 cmd/built-in.o
 .text.do_ls_wrapper
                0x0000000000086b70        0x8 cmd/built-in.o
 .text.do_fstype_wrapper
                0x0000000000086b78        0x4 cmd/built-in.o
 .text.gpio_get_description
                0x0000000000086b7c       0xcc cmd/built-in.o
 .text.do_gpio  0x0000000000086c48      0x36c cmd/built-in.o
 .text.evalexp  0x0000000000086fb4       0x98 cmd/built-in.o
 .text.evalstr  0x000000000008704c       0x68 cmd/built-in.o
 .text.binary_test
                0x00000000000870b4      0x19c cmd/built-in.o
 .text.do_itest
                0x0000000000087250       0xa0 cmd/built-in.o
 .text.bin_data_init
                0x00000000000872f0       0x1c cmd/built-in.o
 .text.k_data_save
                0x000000000008730c       0x34 cmd/built-in.o
 .text.k_data_restore
                0x0000000000087340       0x34 cmd/built-in.o
 .text.getcxmodem
                0x0000000000087374       0x24 cmd/built-in.o
 .text.load_serial_ymodem
                0x0000000000087398       0xec cmd/built-in.o
 .text.bin_data_char
                0x0000000000087484       0x28 cmd/built-in.o
 .text.chk1.constprop.1
                0x00000000000874ac       0x2c cmd/built-in.o
 .text.s1_sendpacket.constprop.2
                0x00000000000874d8       0x5c cmd/built-in.o
 .text.load_serial
                0x0000000000087534      0x1f4 cmd/built-in.o
 .text.do_load_serial
                0x0000000000087728       0xec cmd/built-in.o
 .text.do_load_serial_bin
                0x0000000000087814      0x7d4 cmd/built-in.o
 .text.do_mem_loop
                0x0000000000087fe8      0x154 cmd/built-in.o
 .text.do_mem_md
                0x000000000008813c       0xfc cmd/built-in.o
 .text.do_mem_cmp
                0x0000000000088238      0x1b0 cmd/built-in.o
 .text.do_mem_base
                0x00000000000883e8       0x4c cmd/built-in.o
 .text.do_mem_mw
                0x0000000000088434      0x104 cmd/built-in.o
 .text.do_mem_cp
                0x0000000000088538       0xc8 cmd/built-in.o
 .text.do_mem_crc
                0x0000000000088600       0x40 cmd/built-in.o
 .text.mod_mem.isra.2
                0x0000000000088640      0x1e4 cmd/built-in.o
 .text.do_mem_mm
                0x0000000000088824        0x8 cmd/built-in.o
 .text.do_mem_nm
                0x000000000008882c        0x8 cmd/built-in.o
 .text.extract_range
                0x0000000000088834       0x5c cmd/built-in.o
 .text.do_mii   0x0000000000088890      0x8f8 cmd/built-in.o
 .text.do_sleep
                0x0000000000089188       0xf0 cmd/built-in.o
 .text.do_mmcops
                0x0000000000089278       0xcc cmd/built-in.o
 .text.init_mmc_device
                0x0000000000089344       0x64 cmd/built-in.o
 .text.do_mmc_rescan
                0x00000000000893a8       0x28 cmd/built-in.o
 .text.do_mmc_hwpartition
                0x00000000000893d0      0x54c cmd/built-in.o
 .text.do_mmc_list
                0x000000000008991c       0x1c cmd/built-in.o
 .text.do_mmc_dev
                0x0000000000089938      0x158 cmd/built-in.o
 .text.do_mmc_part
                0x0000000000089a90       0x64 cmd/built-in.o
 .text.do_mmc_erase
                0x0000000000089af4      0x10c cmd/built-in.o
 .text.do_mmc_write
                0x0000000000089c00      0x128 cmd/built-in.o
 .text.do_mmc_read
                0x0000000000089d28      0x100 cmd/built-in.o
 .text.do_mmcinfo
                0x0000000000089e28      0x388 cmd/built-in.o
 .text.do_mmc_setdsr
                0x000000000008a1b0       0xbc cmd/built-in.o
 .text.netboot_common
                0x000000000008a26c      0x274 cmd/built-in.o
 .text.do_bootp
                0x000000000008a4e0        0xc cmd/built-in.o
 .text.do_dhcp  0x000000000008a4ec        0xc cmd/built-in.o
 .text.do_nfs   0x000000000008a4f8        0xc cmd/built-in.o
 .text.do_tftpb
                0x000000000008a504       0x54 cmd/built-in.o
                0x000000000008a504                do_tftpb
 .text.do_ping  0x000000000008a558       0x78 cmd/built-in.o
 .text.do_part_list
                0x000000000008a5d0      0x18c cmd/built-in.o
 .text.do_part_start
                0x000000000008a75c       0xe0 cmd/built-in.o
 .text.do_part_size
                0x000000000008a83c       0xe0 cmd/built-in.o
 .text.do_part  0x000000000008a91c      0x118 cmd/built-in.o
 .text.eol_or_eof
                0x000000000008aa34       0x24 cmd/built-in.o
 .text.do_pxe   0x000000000008aa58       0x7c cmd/built-in.o
 .text.label_print
                0x000000000008aad4       0x1c cmd/built-in.o
 .text.do_get_tftp
                0x000000000008aaf0       0x44 cmd/built-in.o
 .text.from_env
                0x000000000008ab34       0x3c cmd/built-in.o
 .text.get_string
                0x000000000008ab70       0xe4 cmd/built-in.o
 .text.label_destroy
                0x000000000008ac54       0x68 cmd/built-in.o
 .text.destroy_pxe_menu
                0x000000000008acbc       0x68 cmd/built-in.o
 .text.get_token
                0x000000000008ad24      0x138 cmd/built-in.o
 .text.parse_sliteral
                0x000000000008ae5c       0x6c cmd/built-in.o
 .text.parse_integer
                0x000000000008aec8       0x84 cmd/built-in.o
 .text.do_get_any
                0x000000000008af4c       0x48 cmd/built-in.o
 .text.do_get_fat
                0x000000000008af94       0x44 cmd/built-in.o
 .text.do_get_ext2
                0x000000000008afd8       0x44 cmd/built-in.o
 .text.format_mac_pxe.constprop.9
                0x000000000008b01c       0x6c cmd/built-in.o
 .text.get_relfile
                0x000000000008b088      0x140 cmd/built-in.o
 .text.get_pxe_file
                0x000000000008b1c8       0x60 cmd/built-in.o
 .text.handle_include
                0x000000000008b228       0xc8 cmd/built-in.o
 .text.parse_pxefile_top
                0x000000000008b2f0      0x418 cmd/built-in.o
 .text.parse_pxefile
                0x000000000008b708       0x7c cmd/built-in.o
 .text.get_pxelinux_path
                0x000000000008b784       0x98 cmd/built-in.o
 .text.do_pxe_get
                0x000000000008b81c      0x168 cmd/built-in.o
 .text.get_relfile_envaddr
                0x000000000008b984       0x5c cmd/built-in.o
 .text.label_boot
                0x000000000008b9e0      0x5c4 cmd/built-in.o
 .text.handle_pxe_menu
                0x000000000008bfa4      0x178 cmd/built-in.o
 .text.do_pxe_boot
                0x000000000008c11c       0xe4 cmd/built-in.o
 .text.do_sysboot
                0x000000000008c200      0x1fc cmd/built-in.o
 .text.substitute
                0x000000000008c3fc      0x114 cmd/built-in.o
 .text.get_arg  0x000000000008c510       0x74 cmd/built-in.o
 .text.regex_sub
                0x000000000008c584      0x308 cmd/built-in.o
 .text.do_setexpr
                0x000000000008c88c      0x1bc cmd/built-in.o
 .text.do_false
                0x000000000008ca48        0x8 cmd/built-in.o
 .text.do_true  0x000000000008ca50        0x8 cmd/built-in.o
 .text.do_test  0x000000000008ca58      0x324 cmd/built-in.o
 .text.do_unzip
                0x000000000008cd7c       0xbc cmd/built-in.o
 .text.do_gzwrite
                0x000000000008ce38      0x11c cmd/built-in.o
 .text.do_lzmadec
                0x000000000008cf54       0xb4 cmd/built-in.o
 .text.usb_get_class_desc
                0x000000000008d008       0xc0 cmd/built-in.o
 .text.usb_display_class_sub
                0x000000000008d0c8      0x18c cmd/built-in.o
 .text.usb_display_desc
                0x000000000008d254      0x154 cmd/built-in.o
 .text.usb_show_tree_graph
                0x000000000008d3a8      0x1e4 cmd/built-in.o
 .text.usb_show_subtree
                0x000000000008d58c       0x38 cmd/built-in.o
 .text.usb_for_each_root_dev
                0x000000000008d5c4       0x64 cmd/built-in.o
 .text.usb_display_string
                0x000000000008d628       0x48 cmd/built-in.o
 .text.usb_display_config
                0x000000000008d670      0x25c cmd/built-in.o
 .text.usb_show_info
                0x000000000008d8cc       0x58 cmd/built-in.o
 .text.usb_find_device
                0x000000000008d924       0xb0 cmd/built-in.o
 .text.do_usbboot
                0x000000000008d9d4        0xc cmd/built-in.o
 .text.do_usb_start
                0x000000000008d9e0       0x30 cmd/built-in.o
 .text.usb_show_tree
                0x000000000008da10        0xc cmd/built-in.o
                0x000000000008da10                usb_show_tree
 .text.do_usb   0x000000000008da1c      0x424 cmd/built-in.o
 .text.common_diskboot
                0x000000000008de40      0x23c cmd/built-in.o
                0x000000000008de40                common_diskboot
 .text.do_imgextract
                0x000000000008e07c      0x2ac cmd/built-in.o
 .text.do_env_delete
                0x000000000008e328       0xc0 cmd/built-in.o
 .text.do_env_exists
                0x000000000008e3e8       0x64 cmd/built-in.o
 .text.do_env_save
                0x000000000008e44c       0x34 cmd/built-in.o
 .text.do_env   0x000000000008e480       0x70 cmd/built-in.o
 .text.env_print
                0x000000000008e4f0       0xcc cmd/built-in.o
 .text.do_env_print
                0x000000000008e5bc       0xe4 cmd/built-in.o
 .text.do_env_import
                0x000000000008e6a0      0x25c cmd/built-in.o
 .text.do_env_default
                0x000000000008e8fc       0x98 cmd/built-in.o
 .text._do_env_set.isra.1
                0x000000000008e994      0x1d8 cmd/built-in.o
 .text.do_env_set
                0x000000000008eb6c       0x20 cmd/built-in.o
 .text.get_env_id
                0x000000000008eb8c        0xc cmd/built-in.o
                0x000000000008eb8c                get_env_id
 .text.env_set  0x000000000008eb98       0x58 cmd/built-in.o
                0x000000000008eb98                env_set
 .text.env_set_ulong
                0x000000000008ebf0       0x2c cmd/built-in.o
                0x000000000008ebf0                env_set_ulong
 .text.env_set_hex
                0x000000000008ec1c       0x3c cmd/built-in.o
                0x000000000008ec1c                env_set_hex
 .text.do_env_export
                0x000000000008ec58      0x22c cmd/built-in.o
 .text.envmatch
                0x000000000008ee84       0x7c cmd/built-in.o
                0x000000000008ee84                envmatch
 .text.env_get_f
                0x000000000008ef00       0xf0 cmd/built-in.o
                0x000000000008ef00                env_get_f
 .text.env_get  0x000000000008eff0       0x80 cmd/built-in.o
                0x000000000008eff0                env_get
 .text.env_get_hex
                0x000000000008f070       0x48 cmd/built-in.o
                0x000000000008f070                env_get_hex
 .text.env_get_ulong
                0x000000000008f0b8       0x44 cmd/built-in.o
                0x000000000008f0b8                env_get_ulong
 .text.do_env_edit.part.3
                0x000000000008f0fc       0xb4 cmd/built-in.o
 .text.do_env_edit
                0x000000000008f1b0       0x24 cmd/built-in.o
 .text.board_init_f_alloc_reserve
                0x000000000008f1d4       0x10 common/built-in.o
                0x000000000008f1d4                board_init_f_alloc_reserve
 .text.board_init_f_init_reserve
                0x000000000008f1e4       0x30 common/built-in.o
                0x000000000008f1e4                board_init_f_init_reserve
 .text.show_boot_progress
                0x000000000008f214        0x8 common/built-in.o
                0x000000000008f214                show_boot_progress
 .text.main_loop
                0x000000000008f21c       0x6c common/built-in.o
                0x000000000008f21c                main_loop
 .text.mdelay   0x000000000008f288       0x30 common/built-in.o
 .text.dummy    0x000000000008f2b8        0x4 common/built-in.o
 .text.get_version
                0x000000000008f2bc        0x8 common/built-in.o
                0x000000000008f2bc                get_version
 .text.jumptable_init
                0x000000000008f2c4      0x1f0 common/built-in.o
                0x000000000008f2c4                jumptable_init
 .text.hash_command
                0x000000000008f4b4       0xc8 common/built-in.o
                0x000000000008f4b4                hash_command
 .text.b_reset  0x000000000008f57c       0x18 common/built-in.o
 .text.static_get
                0x000000000008f594       0x1c common/built-in.o
 .text.static_peek
                0x000000000008f5b0        0xc common/built-in.o
 .text.file_peek
                0x000000000008f5bc        0xc common/built-in.o
 .text.mapset   0x000000000008f5c8       0x20 common/built-in.o
 .text.syntax_err
                0x000000000008f5e8        0xc common/built-in.o
 .text.free_pipe_list
                0x000000000008f5f4       0xf8 common/built-in.o
 .text.xmalloc  0x000000000008f6ec       0x28 common/built-in.o
 .text.new_pipe
                0x000000000008f714       0x2c common/built-in.o
 .text.xrealloc
                0x000000000008f740       0x28 common/built-in.o
 .text.done_command
                0x000000000008f768       0x94 common/built-in.o
 .text.done_pipe
                0x000000000008f7fc       0x58 common/built-in.o
 .text.done_word
                0x000000000008f854      0x2b8 common/built-in.o
 .text.do_showvar
                0x000000000008fb0c      0x128 common/built-in.o
 .text.is_assignment
                0x000000000008fc34       0x54 common/built-in.o
 .text.file_get
                0x000000000008fc88      0x200 common/built-in.o
 .text.b_addchr
                0x000000000008fe88       0x90 common/built-in.o
 .text.b_addqchr
                0x000000000008ff18       0x58 common/built-in.o
 .text.get_local_var
                0x000000000008ff70       0x90 common/built-in.o
                0x000000000008ff70                get_local_var
 .text.set_local_var
                0x0000000000090000      0x1c0 common/built-in.o
                0x0000000000090000                set_local_var
 .text.insert_var_value_sub
                0x00000000000901c0      0x2b0 common/built-in.o
 .text.parse_string_outer
                0x0000000000090470      0x104 common/built-in.o
                0x0000000000090470                parse_string_outer
 .text.run_list_real
                0x0000000000090574      0x7b0 common/built-in.o
 .text.parse_stream_outer
                0x0000000000090d24      0x6c0 common/built-in.o
 .text.parse_file_outer
                0x00000000000913e4       0x44 common/built-in.o
                0x00000000000913e4                parse_file_outer
 .text.u_boot_hush_start
                0x0000000000091428       0x5c common/built-in.o
                0x0000000000091428                u_boot_hush_start
 .text.bootdelay_process
                0x0000000000091484       0xc8 common/built-in.o
                0x0000000000091484                bootdelay_process
 .text.autoboot_command
                0x000000000009154c      0x108 common/built-in.o
                0x000000000009154c                autoboot_command
 .text.display_text_info
                0x0000000000091654        0x8 common/built-in.o
 .text.setup_mon_len
                0x000000000009165c       0x20 common/built-in.o
 .text.mach_cpu_init
                0x000000000009167c        0x8 common/built-in.o
                0x000000000009167c                mach_cpu_init
 .text.reserve_round_4k
                0x0000000000091684       0x14 common/built-in.o
 .text.reserve_trace
                0x0000000000091698        0x8 common/built-in.o
 .text.reserve_uboot
                0x00000000000916a0       0x2c common/built-in.o
 .text.reserve_malloc
                0x00000000000916cc       0x14 common/built-in.o
 .text.setup_machine
                0x00000000000916e0        0x8 common/built-in.o
 .text.reserve_global_data
                0x00000000000916e8       0x1c common/built-in.o
 .text.reserve_fdt
                0x0000000000091704        0x8 common/built-in.o
 .text.reserve_bootstage
                0x000000000009170c        0x8 common/built-in.o
 .text.display_new_sp
                0x0000000000091714        0x8 common/built-in.o
 .text.reloc_fdt
                0x000000000009171c        0x8 common/built-in.o
 .text.reloc_bootstage
                0x0000000000091724        0x8 common/built-in.o
 .text.initf_console_record
                0x000000000009172c        0x8 common/built-in.o
 .text.reserve_arch
                0x0000000000091734        0x8 common/built-in.o
                0x0000000000091734                reserve_arch
 .text.arch_cpu_init_dm
                0x000000000009173c        0x8 common/built-in.o
                0x000000000009173c                arch_cpu_init_dm
 .text.dram_init_banksize
                0x0000000000091744       0x30 common/built-in.o
                0x0000000000091744                dram_init_banksize
 .text.reserve_mmu
                0x0000000000091774       0x4c common/built-in.o
                0x0000000000091774                reserve_mmu
 .text.setup_reloc
                0x00000000000917c0       0x38 common/built-in.o
 .text.reserve_board
                0x00000000000917f8       0x3c common/built-in.o
 .text.reserve_video
                0x0000000000091834       0x2c common/built-in.o
 .text.announce_dram_init
                0x0000000000091860       0x20 common/built-in.o
 .text.init_baud_rate
                0x0000000000091880       0x3c common/built-in.o
 .text.initf_dm
                0x00000000000918bc        0x8 common/built-in.o
 .text.initf_bootstage
                0x00000000000918c4       0x1c common/built-in.o
 .text.board_add_ram_info
                0x00000000000918e0        0x4 common/built-in.o
                0x00000000000918e0                board_add_ram_info
 .text.show_dram_config
                0x00000000000918e4       0x38 common/built-in.o
 .text.setup_dest_addr
                0x000000000009191c       0x4c common/built-in.o
 .text.reserve_stacks
                0x0000000000091968       0x1c common/built-in.o
 .text.board_init_f
                0x0000000000091984       0x2c common/built-in.o
                0x0000000000091984                board_init_f
 .text.bootstage_relocate
                0x00000000000919b0        0x8 common/built-in.o
 .text.initr_trace
                0x00000000000919b8        0x8 common/built-in.o
 .text.initr_reloc
                0x00000000000919c0       0x18 common/built-in.o
 .text.initr_barrier
                0x00000000000919d8        0x8 common/built-in.o
 .text.initr_console_record
                0x00000000000919e0        0x8 common/built-in.o
 .text.power_init_board
                0x00000000000919e8        0x8 common/built-in.o
                0x00000000000919e8                power_init_board
 .text.initr_announce
                0x00000000000919f0        0x8 common/built-in.o
 .text.run_main_loop
                0x00000000000919f8       0x10 common/built-in.o
 .text.initr_net
                0x0000000000091a08       0x24 common/built-in.o
 .text.initr_ethaddr
                0x0000000000091a2c       0x28 common/built-in.o
 .text.initr_enable_interrupts
                0x0000000000091a54       0x18 common/built-in.o
 .text.initr_jumptable
                0x0000000000091a6c       0x18 common/built-in.o
 .text.initr_env
                0x0000000000091a84       0x70 common/built-in.o
 .text.initr_mmc
                0x0000000000091af4       0x28 common/built-in.o
 .text.initr_serial
                0x0000000000091b1c       0x18 common/built-in.o
 .text.initr_dm
                0x0000000000091b34       0x14 common/built-in.o
 .text.initr_bootstage
                0x0000000000091b48       0x1c common/built-in.o
 .text.initr_malloc
                0x0000000000091b64       0x28 common/built-in.o
 .text.initr_reloc_global_data
                0x0000000000091b8c       0x4c common/built-in.o
 .text.initr_caches
                0x0000000000091bd8       0x18 common/built-in.o
 .text.cpu_secondary_init_r
                0x0000000000091bf0        0x4 common/built-in.o
                0x0000000000091bf0                cpu_secondary_init_r
 .text.initr_secondary_cpu
                0x0000000000091bf4       0x18 common/built-in.o
 .text.board_init_r
                0x0000000000091c0c       0x18 common/built-in.o
                0x0000000000091c0c                board_init_r
 .text.bootm_find_images
                0x0000000000091c24       0xa8 common/built-in.o
                0x0000000000091c24                bootm_find_images
 .text.bootm_decomp_image
                0x0000000000091ccc      0x1b0 common/built-in.o
                0x0000000000091ccc                bootm_decomp_image
 .text.bootm_disable_interrupts
                0x0000000000091e7c       0x28 common/built-in.o
                0x0000000000091e7c                bootm_disable_interrupts
 .text.do_bootm_states
                0x0000000000091ea4      0x710 common/built-in.o
                0x0000000000091ea4                do_bootm_states
 .text.copy_args
                0x00000000000925b4       0x74 common/built-in.o
 .text.do_bootm_rtems
                0x0000000000092628       0x50 common/built-in.o
 .text.do_bootm_plan9
                0x0000000000092678       0xb8 common/built-in.o
 .text.do_bootm_standalone
                0x0000000000092730       0x74 common/built-in.o
 .text.do_bootm_qnxelf
                0x00000000000927a4       0x80 common/built-in.o
 .text.do_bootm_netbsd
                0x0000000000092824      0x118 common/built-in.o
 .text.do_bootvx_fdt
                0x000000000009293c      0x124 common/built-in.o
                0x000000000009293c                do_bootvx_fdt
 .text.do_bootm_vxworks
                0x0000000000092a60       0x2c common/built-in.o
 .text.arch_preboot_os
                0x0000000000092a8c        0x4 common/built-in.o
                0x0000000000092a8c                arch_preboot_os
 .text.boot_selected_os
                0x0000000000092a90       0x74 common/built-in.o
                0x0000000000092a90                boot_selected_os
 .text.bootm_os_get_boot_func
                0x0000000000092b04       0x10 common/built-in.o
                0x0000000000092b04                bootm_os_get_boot_func
 .text.of_bus_default_map
                0x0000000000092b14       0x94 common/built-in.o
 .text.fdt_support_default_count_cells
                0x0000000000092ba8       0x74 common/built-in.o
                0x0000000000092ba8                fdt_support_default_count_cells
 .text.of_bus_default_translate
                0x0000000000092c1c       0xb0 common/built-in.o
 .text.fdt_find_and_setprop
                0x0000000000092ccc       0x94 common/built-in.o
                0x0000000000092ccc                fdt_find_and_setprop
 .text.fdt_find_or_add_subnode
                0x0000000000092d60       0x7c common/built-in.o
                0x0000000000092d60                fdt_find_or_add_subnode
 .text.fdt_root
                0x0000000000092ddc       0x98 common/built-in.o
                0x0000000000092ddc                fdt_root
 .text.fdt_initrd
                0x0000000000092e74      0x1d0 common/built-in.o
                0x0000000000092e74                fdt_initrd
 .text.fdt_chosen
                0x0000000000093044       0xbc common/built-in.o
                0x0000000000093044                fdt_chosen
 .text.do_fixup_by_path
                0x0000000000093100       0x4c common/built-in.o
                0x0000000000093100                do_fixup_by_path
 .text.fdt_fixup_memory_banks
                0x000000000009314c      0x1dc common/built-in.o
                0x000000000009314c                fdt_fixup_memory_banks
 .text.fdt_fixup_memory
                0x0000000000093328       0x28 common/built-in.o
                0x0000000000093328                fdt_fixup_memory
 .text.fdt_fixup_ethernet
                0x0000000000093350      0x1bc common/built-in.o
                0x0000000000093350                fdt_fixup_ethernet
 .text.fdt_shrink_to_minimum
                0x000000000009350c       0xcc common/built-in.o
                0x000000000009350c                fdt_shrink_to_minimum
 .text.fdt_translate_address
                0x00000000000935d8      0x27c common/built-in.o
                0x00000000000935d8                fdt_translate_address
 .text.fdt_setup_simplefb_node
                0x0000000000093854      0x1f4 common/built-in.o
                0x0000000000093854                fdt_setup_simplefb_node
 .text.fdt_overlay_apply_verbose
                0x0000000000093a48       0x80 common/built-in.o
                0x0000000000093a48                fdt_overlay_apply_verbose
 .text.miiphy_get_dev_by_name
                0x0000000000093ac8       0x70 common/built-in.o
                0x0000000000093ac8                miiphy_get_dev_by_name
 .text.miiphy_init
                0x0000000000093b38       0x1c common/built-in.o
                0x0000000000093b38                miiphy_init
 .text.miiphy_set_current_dev
                0x0000000000093b54       0x40 common/built-in.o
                0x0000000000093b54                miiphy_set_current_dev
 .text.miiphy_get_active_dev
                0x0000000000093b94       0x60 common/built-in.o
 .text.miiphy_get_current_dev
                0x0000000000093bf4       0x18 common/built-in.o
                0x0000000000093bf4                miiphy_get_current_dev
 .text.miiphy_read
                0x0000000000093c0c       0x58 common/built-in.o
                0x0000000000093c0c                miiphy_read
 .text.miiphy_write
                0x0000000000093c64       0x50 common/built-in.o
                0x0000000000093c64                miiphy_write
 .text.miiphy_listdev
                0x0000000000093cb4       0x90 common/built-in.o
                0x0000000000093cb4                miiphy_listdev
 .text.miiphy_info
                0x0000000000093d44       0xa0 common/built-in.o
                0x0000000000093d44                miiphy_info
 .text.miiphy_speed
                0x0000000000093de4       0xe0 common/built-in.o
                0x0000000000093de4                miiphy_speed
 .text.miiphy_duplex
                0x0000000000093ec4       0xdc common/built-in.o
                0x0000000000093ec4                miiphy_duplex
 .text.miiphy_is_1000base_x
                0x0000000000093fa0        0x8 common/built-in.o
                0x0000000000093fa0                miiphy_is_1000base_x
 .text.usb_set_maxpacket_ep
                0x0000000000093fa8       0x74 common/built-in.o
 .text.usb_submit_int_msg
                0x000000000009401c        0x4 common/built-in.o
                0x000000000009401c                usb_submit_int_msg
 .text.usb_control_msg
                0x0000000000094020       0xa8 common/built-in.o
                0x0000000000094020                usb_control_msg
 .text.usb_get_descriptor
                0x00000000000940c8       0x5c common/built-in.o
 .text.get_descriptor_len
                0x0000000000094124       0xa4 common/built-in.o
 .text.usb_setup_descriptor
                0x00000000000941c8       0xec common/built-in.o
 .text.usb_get_string
                0x00000000000942b4       0xa8 common/built-in.o
 .text.usb_string_sub
                0x000000000009435c      0x110 common/built-in.o
 .text.usb_bulk_msg
                0x000000000009446c       0x84 common/built-in.o
                0x000000000009446c                usb_bulk_msg
 .text.usb_maxpacket
                0x00000000000944f0       0x20 common/built-in.o
                0x00000000000944f0                usb_maxpacket
 .text.usb_clear_halt
                0x0000000000094510       0xa4 common/built-in.o
                0x0000000000094510                usb_clear_halt
 .text.usb_get_configuration_len
                0x00000000000945b4       0x78 common/built-in.o
                0x00000000000945b4                usb_get_configuration_len
 .text.usb_get_configuration_no
                0x000000000009462c       0x44 common/built-in.o
                0x000000000009462c                usb_get_configuration_no
 .text.usb_set_interface
                0x0000000000094670       0xbc common/built-in.o
                0x0000000000094670                usb_set_interface
 .text.usb_set_protocol
                0x000000000009472c       0x50 common/built-in.o
                0x000000000009472c                usb_set_protocol
 .text.usb_set_idle
                0x000000000009477c       0x50 common/built-in.o
                0x000000000009477c                usb_set_idle
 .text.usb_string
                0x00000000000947cc      0x118 common/built-in.o
                0x00000000000947cc                usb_string
 .text.usb_select_config
                0x00000000000948e4      0x4d4 common/built-in.o
                0x00000000000948e4                usb_select_config
 .text.usb_setup_device
                0x0000000000094db8      0x12c common/built-in.o
                0x0000000000094db8                usb_setup_device
 .text.usb_device_has_child_on_port
                0x0000000000094ee4        0x8 common/built-in.o
                0x0000000000094ee4                usb_device_has_child_on_port
 .text.usb_find_usb2_hub_address_port
                0x0000000000094eec       0x90 common/built-in.o
                0x0000000000094eec                usb_find_usb2_hub_address_port
 .text.usb_set_port_feature
                0x0000000000094f7c       0x50 common/built-in.o
 .text.usb_clear_port_feature
                0x0000000000094fcc       0x50 common/built-in.o
 .text.usb_get_hub_descriptor
                0x000000000009501c       0x6c common/built-in.o
 .text.usb_hub_reset_devices
                0x0000000000095088        0x4 common/built-in.o
                0x0000000000095088                usb_hub_reset_devices
 .text.usb_hub_is_root_hub
                0x000000000009508c       0x20 common/built-in.o
                0x000000000009508c                usb_hub_is_root_hub
 .text.usb_get_port_status
                0x00000000000950ac       0xcc common/built-in.o
                0x00000000000950ac                usb_get_port_status
 .text.usb_hub_port_connect_change
                0x0000000000095178      0x194 common/built-in.o
                0x0000000000095178                usb_hub_port_connect_change
 .text.usb_hub_configure
                0x000000000009530c      0x5a4 common/built-in.o
 .text.usb_hub_scan
                0x00000000000958b0       0x14 common/built-in.o
                0x00000000000958b0                usb_hub_scan
 .text.usb_hub_post_probe
                0x00000000000958c4        0x4 common/built-in.o
 .text.usb_stor_irq
                0x00000000000958c8       0x18 common/built-in.o
 .text.usb_stor_BBB_reset
                0x00000000000958e0      0x110 common/built-in.o
 .text.usb_stor_CB_reset
                0x00000000000959f0       0xec common/built-in.o
 .text.usb_stor_BBB_clear_endpt_stall.isra.0
                0x0000000000095adc       0x50 common/built-in.o
 .text.usb_stor_BBB_transport
                0x0000000000095b2c      0x254 common/built-in.o
 .text.usb_stor_CB_comdat
                0x0000000000095d80      0x1f4 common/built-in.o
 .text.usb_stor_CBI_get_status.isra.2
                0x0000000000095f74       0xdc common/built-in.o
 .text.usb_stor_CB_transport
                0x0000000000096050      0x214 common/built-in.o
 .text.usb_request_sense.constprop.10
                0x0000000000096264       0x8c common/built-in.o
 .text.usb_stor_read
                0x00000000000962f0      0x17c common/built-in.o
 .text.usb_stor_write
                0x000000000009646c      0x17c common/built-in.o
 .text.usb_stor_info
                0x00000000000965e8       0x80 common/built-in.o
                0x00000000000965e8                usb_stor_info
 .text.usb_stor_reset
                0x0000000000096668        0xc common/built-in.o
                0x0000000000096668                usb_stor_reset
 .text.usb_stor_scan
                0x0000000000096674       0x4c common/built-in.o
                0x0000000000096674                usb_stor_scan
 .text.usb_storage_probe
                0x00000000000966c0      0x264 common/built-in.o
                0x00000000000966c0                usb_storage_probe
 .text.usb_stor_get_info
                0x0000000000096924      0x31c common/built-in.o
                0x0000000000096924                usb_stor_get_info
 .text.usb_mass_storage_probe
                0x0000000000096c40      0x1a0 common/built-in.o
 .text.iomux_doenv
                0x0000000000096de0      0x1d8 common/built-in.o
                0x0000000000096de0                iomux_doenv
 .text.lcd_dt_simplefb_configure_node
                0x0000000000096fb8       0xa0 common/built-in.o
 .text.lcd_dt_simplefb_add_node
                0x0000000000097058       0x94 common/built-in.o
                0x0000000000097058                lcd_dt_simplefb_add_node
 .text.menu_display_statusline
                0x00000000000970ec        0x4 common/built-in.o
                0x00000000000970ec                menu_display_statusline
 .text.menu_default_set
                0x00000000000970f0       0x9c common/built-in.o
                0x00000000000970f0                menu_default_set
 .text.menu_get_choice
                0x000000000009718c      0x1cc common/built-in.o
                0x000000000009718c                menu_get_choice
 .text.menu_item_add
                0x0000000000097358       0xe8 common/built-in.o
                0x0000000000097358                menu_item_add
 .text.menu_create
                0x0000000000097440       0xa8 common/built-in.o
                0x0000000000097440                menu_create
 .text.menu_destroy
                0x00000000000974e8       0x80 common/built-in.o
                0x00000000000974e8                menu_destroy
 .text.usb_kbd_remove
                0x0000000000097568       0xac common/built-in.o
 .text.usb_kbd_translate.part.0
                0x0000000000097614      0x160 common/built-in.o
 .text.usb_kbd_probe
                0x0000000000097774      0x1e8 common/built-in.o
 .text.usb_kbd_irq_worker
                0x000000000009795c      0x1cc common/built-in.o
 .text.usb_kbd_getc
                0x0000000000097b28       0x88 common/built-in.o
 .text.usb_kbd_testc
                0x0000000000097bb0       0x90 common/built-in.o
 .text.usb_kbd_irq
                0x0000000000097c40       0x20 common/built-in.o
 .text.delete_char.part.0
                0x0000000000097c60       0xfc common/built-in.o
 .text.cread_add_char
                0x0000000000097d5c      0x100 common/built-in.o
 .text.cli_readline_into_buffer
                0x0000000000097e5c      0x9d0 common/built-in.o
                0x0000000000097e5c                cli_readline_into_buffer
 .text.cli_readline
                0x000000000009882c       0x14 common/built-in.o
                0x000000000009882c                cli_readline
 .text.cli_simple_process_macros
                0x0000000000098840      0x20c common/built-in.o
                0x0000000000098840                cli_simple_process_macros
 .text.console_tstc
                0x0000000000098a4c       0x9c common/built-in.o
 .text.console_putc
                0x0000000000098ae8       0x74 common/built-in.o
 .text.console_puts
                0x0000000000098b5c       0x74 common/built-in.o
 .text.on_console
                0x0000000000098bd0       0xc8 common/built-in.o
 .text.serial_printf
                0x0000000000098c98       0xd4 common/built-in.o
                0x0000000000098c98                serial_printf
 .text.puts     0x0000000000098d6c       0x24 common/built-in.o
                0x0000000000098d6c                puts
 .text.tstc     0x0000000000098d90       0x20 common/built-in.o
                0x0000000000098d90                tstc
 .text.putc     0x0000000000098db0       0x28 common/built-in.o
                0x0000000000098db0                putc
 .text.fgetc    0x0000000000098dd8       0x60 common/built-in.o
                0x0000000000098dd8                fgetc
 .text.getc     0x0000000000098e38       0x20 common/built-in.o
                0x0000000000098e38                getc
 .text.fputs    0x0000000000098e58       0x10 common/built-in.o
                0x0000000000098e58                fputs
 .text.ctrlc    0x0000000000098e68       0x5c common/built-in.o
                0x0000000000098e68                ctrlc
 .text.disable_ctrlc
                0x0000000000098ec4       0x14 common/built-in.o
                0x0000000000098ec4                disable_ctrlc
 .text.had_ctrlc
                0x0000000000098ed8        0xc common/built-in.o
                0x0000000000098ed8                had_ctrlc
 .text.clear_ctrlc
                0x0000000000098ee4        0xc common/built-in.o
                0x0000000000098ee4                clear_ctrlc
 .text.search_device
                0x0000000000098ef0       0x34 common/built-in.o
                0x0000000000098ef0                search_device
 .text.console_assign
                0x0000000000098f24       0xe0 common/built-in.o
                0x0000000000098f24                console_assign
 .text.console_init_f
                0x0000000000099004       0x10 common/built-in.o
                0x0000000000099004                console_init_f
 .text.stdio_print_current_devices
                0x0000000000099014       0xc0 common/built-in.o
                0x0000000000099014                stdio_print_current_devices
 .text.console_init_r
                0x00000000000990d4      0x198 common/built-in.o
                0x00000000000990d4                console_init_r
 .text.sbrk     0x000000000009926c       0x74 common/built-in.o
                0x000000000009926c                sbrk
 .text.mem_malloc_init
                0x00000000000992e0       0x28 common/built-in.o
                0x00000000000992e0                mem_malloc_init
 .text.malloc_trim
                0x0000000000099308       0xd4 common/built-in.o
                0x0000000000099308                malloc_trim
 .text.free     0x00000000000993dc      0x254 common/built-in.o
                0x00000000000993dc                free
 .text.malloc   0x0000000000099630      0x6b0 common/built-in.o
                0x0000000000099630                malloc
 .text.calloc   0x0000000000099ce0      0x138 common/built-in.o
                0x0000000000099ce0                calloc
 .text.realloc  0x0000000000099e18      0x530 common/built-in.o
                0x0000000000099e18                realloc
 .text.memalign
                0x000000000009a348      0x194 common/built-in.o
                0x000000000009a348                memalign
 .text.initf_malloc
                0x000000000009a4dc       0x18 common/built-in.o
                0x000000000009a4dc                initf_malloc
 .text.malloc_simple
                0x000000000009a4f4       0x38 common/built-in.o
                0x000000000009a4f4                malloc_simple
 .text.on_loadaddr
                0x000000000009a52c       0x38 common/built-in.o
 .text.image_check_hcrc
                0x000000000009a564       0x50 common/built-in.o
                0x000000000009a564                image_check_hcrc
 .text.image_check_dcrc
                0x000000000009a5b4       0x44 common/built-in.o
                0x000000000009a5b4                image_check_dcrc
 .text.image_multi_count
                0x000000000009a5f8       0x20 common/built-in.o
                0x000000000009a5f8                image_multi_count
 .text.image_multi_getimg
                0x000000000009a618       0xa0 common/built-in.o
                0x000000000009a618                image_multi_getimg
 .text.env_get_bootm_low
                0x000000000009a6b8       0x30 common/built-in.o
                0x000000000009a6b8                env_get_bootm_low
 .text.env_get_bootm_size
                0x000000000009a6e8       0x80 common/built-in.o
                0x000000000009a6e8                env_get_bootm_size
 .text.env_get_bootm_mapsize
                0x000000000009a768       0x30 common/built-in.o
                0x000000000009a768                env_get_bootm_mapsize
 .text.memmove_wd
                0x000000000009a798       0x10 common/built-in.o
                0x000000000009a798                memmove_wd
 .text.genimg_print_size
                0x000000000009a7a8       0x38 common/built-in.o
                0x000000000009a7a8                genimg_print_size
 .text.get_table_entry
                0x000000000009a7e0       0x20 common/built-in.o
                0x000000000009a7e0                get_table_entry
 .text.get_table_entry_name
                0x000000000009a800       0x34 common/built-in.o
                0x000000000009a800                get_table_entry_name
 .text.genimg_get_os_name
                0x000000000009a834       0x18 common/built-in.o
                0x000000000009a834                genimg_get_os_name
 .text.genimg_get_arch_name
                0x000000000009a84c       0x18 common/built-in.o
                0x000000000009a84c                genimg_get_arch_name
 .text.genimg_get_type_name
                0x000000000009a864       0x18 common/built-in.o
                0x000000000009a864                genimg_get_type_name
 .text.genimg_get_comp_name
                0x000000000009a87c       0x18 common/built-in.o
                0x000000000009a87c                genimg_get_comp_name
 .text.image_print_contents
                0x000000000009a894      0x1d8 common/built-in.o
                0x000000000009a894                image_print_contents
 .text.genimg_get_kernel_addr_fit
                0x000000000009aa6c       0x1c common/built-in.o
                0x000000000009aa6c                genimg_get_kernel_addr_fit
 .text.genimg_get_kernel_addr
                0x000000000009aa88       0x24 common/built-in.o
                0x000000000009aa88                genimg_get_kernel_addr
 .text.genimg_get_format
                0x000000000009aaac       0x40 common/built-in.o
                0x000000000009aaac                genimg_get_format
 .text.genimg_has_config
                0x000000000009aaec        0x8 common/built-in.o
                0x000000000009aaec                genimg_has_config
 .text.boot_get_ramdisk
                0x000000000009aaf4      0x27c common/built-in.o
                0x000000000009aaf4                boot_get_ramdisk
 .text.boot_ramdisk_high
                0x000000000009ad70      0x134 common/built-in.o
                0x000000000009ad70                boot_ramdisk_high
 .text.boot_get_setup
                0x000000000009aea4        0x8 common/built-in.o
                0x000000000009aea4                boot_get_setup
 .text.image_setup_linux
                0x000000000009aeac       0x74 common/built-in.o
                0x000000000009aeac                image_setup_linux
 .text.fdt_error
                0x000000000009af20       0x38 common/built-in.o
 .text.boot_fdt_add_mem_rsv_regions
                0x000000000009af58       0x9c common/built-in.o
                0x000000000009af58                boot_fdt_add_mem_rsv_regions
 .text.boot_relocate_fdt
                0x000000000009aff4      0x1a4 common/built-in.o
                0x000000000009aff4                boot_relocate_fdt
 .text.boot_get_fdt
                0x000000000009b198      0x2a4 common/built-in.o
                0x000000000009b198                boot_get_fdt
 .text.ft_verify_fdt
                0x000000000009b43c        0x8 common/built-in.o
                0x000000000009b43c                ft_verify_fdt
 .text.image_setup_libfdt
                0x000000000009b444      0x140 common/built-in.o
                0x000000000009b444                image_setup_libfdt
 .text.get_effective_memsize
                0x000000000009b584        0x8 common/built-in.o
                0x000000000009b584                get_effective_memsize
 .text.nulldev_putc
                0x000000000009b58c        0x4 common/built-in.o
 .text.nulldev_puts
                0x000000000009b590        0x4 common/built-in.o
 .text.nulldev_input
                0x000000000009b594        0x8 common/built-in.o
 .text.stdio_serial_tstc
                0x000000000009b59c        0x4 common/built-in.o
 .text.stdio_serial_getc
                0x000000000009b5a0        0x4 common/built-in.o
 .text.stdio_serial_puts
                0x000000000009b5a4        0x8 common/built-in.o
 .text.stdio_serial_putc
                0x000000000009b5ac        0x8 common/built-in.o
 .text.stdio_get_list
                0x000000000009b5b4       0x10 common/built-in.o
                0x000000000009b5b4                stdio_get_list
 .text.stdio_get_by_name
                0x000000000009b5c4      0x10c common/built-in.o
                0x000000000009b5c4                stdio_get_by_name
 .text.stdio_clone
                0x000000000009b6d0       0x4c common/built-in.o
                0x000000000009b6d0                stdio_clone
 .text.stdio_register_dev
                0x000000000009b71c       0x60 common/built-in.o
                0x000000000009b71c                stdio_register_dev
 .text.stdio_register
                0x000000000009b77c        0x8 common/built-in.o
                0x000000000009b77c                stdio_register
 .text.stdio_deregister_dev
                0x000000000009b784      0x110 common/built-in.o
                0x000000000009b784                stdio_deregister_dev
 .text.stdio_init_tables
                0x000000000009b894       0x1c common/built-in.o
                0x000000000009b894                stdio_init_tables
 .text.stdio_add_devices
                0x000000000009b8b0      0x134 common/built-in.o
                0x000000000009b8b0                stdio_add_devices
 .text.run_command
                0x000000000009b9e4       0x18 common/built-in.o
                0x000000000009b9e4                run_command
 .text.run_command_list
                0x000000000009b9fc       0x98 common/built-in.o
                0x000000000009b9fc                run_command_list
 .text.do_run   0x000000000009ba94       0x84 common/built-in.o
                0x000000000009ba94                do_run
 .text.cli_process_fdt
                0x000000000009bb18       0x50 common/built-in.o
                0x000000000009bb18                cli_process_fdt
 .text.cli_secure_boot_cmd
                0x000000000009bb68       0x74 common/built-in.o
                0x000000000009bb68                cli_secure_boot_cmd
 .text.cli_loop
                0x000000000009bbdc       0x10 common/built-in.o
                0x000000000009bbdc                cli_loop
 .text.cli_init
                0x000000000009bbec        0x4 common/built-in.o
                0x000000000009bbec                cli_init
 .text.find_cmd_tbl
                0x000000000009bbf0       0xc0 common/built-in.o
                0x000000000009bbf0                find_cmd_tbl
 .text.find_cmd
                0x000000000009bcb0       0x28 common/built-in.o
                0x000000000009bcb0                find_cmd
 .text.cmd_usage
                0x000000000009bcd8       0x68 common/built-in.o
                0x000000000009bcd8                cmd_usage
 .text._do_help
                0x000000000009bd40      0x1a4 common/built-in.o
                0x000000000009bd40                _do_help
 .text.var_complete
                0x000000000009bee4       0x64 common/built-in.o
                0x000000000009bee4                var_complete
 .text.cmd_auto_complete
                0x000000000009bf48      0x4b4 common/built-in.o
                0x000000000009bf48                cmd_auto_complete
 .text.cmd_get_data_size
                0x000000000009c3fc       0x6c common/built-in.o
                0x000000000009c3fc                cmd_get_data_size
 .text.cmd_process
                0x000000000009c468      0x110 common/built-in.o
                0x000000000009c468                cmd_process
 .text.cmd_process_error
                0x000000000009c578       0x34 common/built-in.o
                0x000000000009c578                cmd_process_error
 .text.hex1_bin
                0x000000000009c5ac       0x54 common/built-in.o
 .text.hex2_bin
                0x000000000009c600       0x48 common/built-in.o
 .text.srec_decode
                0x000000000009c648      0x244 common/built-in.o
                0x000000000009c648                srec_decode
 .text.CYGACC_COMM_IF_GETC_TIMEOUT.isra.0
                0x000000000009c88c       0x54 common/built-in.o
 .text.xyzModem_flush
                0x000000000009c8e0       0x1c common/built-in.o
 .text.xyzModem_get_hdr
                0x000000000009c8fc      0x22c common/built-in.o
 .text.xyzModem_stream_open
                0x000000000009cb28      0x28c common/built-in.o
                0x000000000009cb28                xyzModem_stream_open
 .text.xyzModem_stream_read
                0x000000000009cdb4      0x28c common/built-in.o
                0x000000000009cdb4                xyzModem_stream_read
 .text.xyzModem_stream_close
                0x000000000009d040       0x44 common/built-in.o
                0x000000000009d040                xyzModem_stream_close
 .text.xyzModem_stream_terminate
                0x000000000009d084       0xac common/built-in.o
                0x000000000009d084                xyzModem_stream_terminate
 .text.xyzModem_error
                0x000000000009d130       0x28 common/built-in.o
                0x000000000009d130                xyzModem_error
 .text.blk_get_dev
                0x000000000009d158       0x3c disk/built-in.o
                0x000000000009d158                blk_get_dev
 .text.dev_print
                0x000000000009d194      0x1c4 disk/built-in.o
                0x000000000009d194                dev_print
 .text.part_init
                0x000000000009d358       0x80 disk/built-in.o
                0x000000000009d358                part_init
 .text.part_print
                0x000000000009d3d8      0x160 disk/built-in.o
                0x000000000009d3d8                part_print
 .text.part_get_info
                0x000000000009d538       0x90 disk/built-in.o
                0x000000000009d538                part_get_info
 .text.part_get_info_whole_disk
                0x000000000009d5c8       0x5c disk/built-in.o
                0x000000000009d5c8                part_get_info_whole_disk
 .text.blk_get_device_by_str
                0x000000000009d624      0x168 disk/built-in.o
                0x000000000009d624                blk_get_device_by_str
 .text.blk_get_device_part_str
                0x000000000009d78c      0x3a0 disk/built-in.o
                0x000000000009d78c                blk_get_device_part_str
 .text.part_set_generic_name
                0x000000000009db2c       0x48 disk/built-in.o
                0x000000000009db2c                part_set_generic_name
 .text.test_block_type
                0x000000000009db74       0x88 disk/built-in.o
 .text.print_partition_extended
                0x000000000009dbfc      0x270 disk/built-in.o
 .text.part_print_dos
                0x000000000009de6c       0x3c disk/built-in.o
                0x000000000009de6c                part_print_dos
 .text.part_test_dos
                0x000000000009dea8       0x8c disk/built-in.o
 .text.part_get_info_extended
                0x000000000009df34      0x2e0 disk/built-in.o
 .text.part_get_info_dos
                0x000000000009e214       0x1c disk/built-in.o
                0x000000000009e214                part_get_info_dos
 .text.iso_dread
                0x000000000009e230       0x48 disk/built-in.o
                0x000000000009e230                iso_dread
 .text.part_get_info_iso_verb
                0x000000000009e278      0x37c disk/built-in.o
                0x000000000009e278                part_get_info_iso_verb
 .text.part_test_iso
                0x000000000009e5f4       0x20 disk/built-in.o
 .text.part_print_iso
                0x000000000009e614       0xa8 disk/built-in.o
 .text.part_get_info_iso
                0x000000000009e6bc        0x8 disk/built-in.o
 .text.print_efiname
                0x000000000009e6c4       0x60 disk/built-in.o
 .text.part_test_efi
                0x000000000009e724       0xd0 disk/built-in.o
 .text.validate_gpt_entries
                0x000000000009e7f4       0xa4 disk/built-in.o
 .text.validate_gpt_header
                0x000000000009e898      0x234 disk/built-in.o
 .text.is_gpt_valid
                0x000000000009eacc      0x294 disk/built-in.o
 .text.is_pte_valid
                0x000000000009ed60       0x64 disk/built-in.o
 .text.part_print_efi
                0x000000000009edc4      0x298 disk/built-in.o
                0x000000000009edc4                part_print_efi
 .text.part_get_info_efi
                0x000000000009f05c      0x24c disk/built-in.o
                0x000000000009f05c                part_get_info_efi
 .text.device_bind_common.isra.4
                0x000000000009f2a8      0x318 drivers/built-in.o
 .text.alloc_priv
                0x000000000009f5c0       0x74 drivers/built-in.o
 .text.device_bind_with_driver_data
                0x000000000009f634       0x1c drivers/built-in.o
                0x000000000009f634                device_bind_with_driver_data
 .text.device_bind
                0x000000000009f650       0x20 drivers/built-in.o
                0x000000000009f650                device_bind
 .text.device_bind_by_name
                0x000000000009f670       0x78 drivers/built-in.o
                0x000000000009f670                device_bind_by_name
 .text.device_probe
                0x000000000009f6e8      0x208 drivers/built-in.o
                0x000000000009f6e8                device_probe
 .text.dev_get_platdata
                0x000000000009f8f0       0x40 drivers/built-in.o
                0x000000000009f8f0                dev_get_platdata
 .text.dev_get_parent_platdata
                0x000000000009f930       0x40 drivers/built-in.o
                0x000000000009f930                dev_get_parent_platdata
 .text.dev_get_uclass_platdata
                0x000000000009f970       0x40 drivers/built-in.o
                0x000000000009f970                dev_get_uclass_platdata
 .text.dev_get_priv
                0x000000000009f9b0       0x40 drivers/built-in.o
                0x000000000009f9b0                dev_get_priv
 .text.dev_get_uclass_priv
                0x000000000009f9f0       0x40 drivers/built-in.o
                0x000000000009f9f0                dev_get_uclass_priv
 .text.dev_get_parent_priv
                0x000000000009fa30       0x40 drivers/built-in.o
                0x000000000009fa30                dev_get_parent_priv
 .text.device_find_first_child
                0x000000000009fa70       0x28 drivers/built-in.o
                0x000000000009fa70                device_find_first_child
 .text.device_find_next_child
                0x000000000009fa98       0x30 drivers/built-in.o
                0x000000000009fa98                device_find_next_child
 .text.dev_get_parent
                0x000000000009fac8        0x8 drivers/built-in.o
                0x000000000009fac8                dev_get_parent
 .text.device_get_uclass_id
                0x000000000009fad0       0x10 drivers/built-in.o
                0x000000000009fad0                device_get_uclass_id
 .text.device_has_active_children
                0x000000000009fae0       0x38 drivers/built-in.o
                0x000000000009fae0                device_has_active_children
 .text.device_is_last_sibling
                0x000000000009fb18       0x24 drivers/built-in.o
                0x000000000009fb18                device_is_last_sibling
 .text.device_set_name_alloced
                0x000000000009fb3c       0x10 drivers/built-in.o
                0x000000000009fb3c                device_set_name_alloced
 .text.devfdt_get_addr_index
                0x000000000009fb4c       0xc4 drivers/built-in.o
                0x000000000009fb4c                devfdt_get_addr_index
 .text.devfdt_get_addr
                0x000000000009fc10        0x8 drivers/built-in.o
                0x000000000009fc10                devfdt_get_addr
 .text.lists_driver_lookup_name
                0x000000000009fc18       0x7c drivers/built-in.o
                0x000000000009fc18                lists_driver_lookup_name
 .text.lists_uclass_lookup
                0x000000000009fc94       0x48 drivers/built-in.o
                0x000000000009fc94                lists_uclass_lookup
 .text.lists_bind_drivers
                0x000000000009fcdc       0xb4 drivers/built-in.o
                0x000000000009fcdc                lists_bind_drivers
 .text.device_bind_driver_to_node
                0x000000000009fd90       0x5c drivers/built-in.o
                0x000000000009fd90                device_bind_driver_to_node
 .text.device_bind_driver
                0x000000000009fdec       0x1c drivers/built-in.o
                0x000000000009fdec                device_bind_driver
 .text.lists_bind_fdt
                0x000000000009fe08      0x194 drivers/built-in.o
                0x000000000009fe08                lists_bind_fdt
 .text.dm_scan_fdt_node
                0x000000000009ff9c       0xc4 drivers/built-in.o
 .text.dm_root  0x00000000000a0060       0x38 drivers/built-in.o
                0x00000000000a0060                dm_root
 .text.dm_get_translation_offset
                0x00000000000a0098       0x1c drivers/built-in.o
                0x00000000000a0098                dm_get_translation_offset
 .text.dm_init  0x00000000000a00b4       0x74 drivers/built-in.o
                0x00000000000a00b4                dm_init
 .text.dm_remove_devices_flags
                0x00000000000a0128       0x28 drivers/built-in.o
                0x00000000000a0128                dm_remove_devices_flags
 .text.dm_scan_platdata
                0x00000000000a0150       0x34 drivers/built-in.o
                0x00000000000a0150                dm_scan_platdata
 .text.dm_scan_fdt_dev
                0x00000000000a0184       0x28 drivers/built-in.o
                0x00000000000a0184                dm_scan_fdt_dev
 .text.dm_scan_fdt
                0x00000000000a01ac       0x18 drivers/built-in.o
                0x00000000000a01ac                dm_scan_fdt
 .text.dm_extended_scan_fdt
                0x00000000000a01c4       0x60 drivers/built-in.o
                0x00000000000a01c4                dm_extended_scan_fdt
 .text.dm_scan_other
                0x00000000000a0224        0x8 drivers/built-in.o
                0x00000000000a0224                dm_scan_other
 .text.dm_init_and_scan
                0x00000000000a022c       0x54 drivers/built-in.o
                0x00000000000a022c                dm_init_and_scan
 .text.uclass_find
                0x00000000000a0280       0x48 drivers/built-in.o
                0x00000000000a0280                uclass_find
 .text.uclass_get
                0x00000000000a02c8      0x12c drivers/built-in.o
                0x00000000000a02c8                uclass_get
 .text.uclass_find_device
                0x00000000000a03f4       0x7c drivers/built-in.o
                0x00000000000a03f4                uclass_find_device
 .text.uclass_find_first_device
                0x00000000000a0470       0x48 drivers/built-in.o
                0x00000000000a0470                uclass_find_first_device
 .text.uclass_find_next_device
                0x00000000000a04b8       0x2c drivers/built-in.o
                0x00000000000a04b8                uclass_find_next_device
 .text.uclass_find_device_by_seq
                0x00000000000a04e4       0x8c drivers/built-in.o
                0x00000000000a04e4                uclass_find_device_by_seq
 .text.uclass_find_device_by_of_offset
                0x00000000000a0570       0x78 drivers/built-in.o
                0x00000000000a0570                uclass_find_device_by_of_offset
 .text.uclass_find_device_by_ofnode
                0x00000000000a05e8       0x7c drivers/built-in.o
                0x00000000000a05e8                uclass_find_device_by_ofnode
 .text.uclass_get_device_by_driver
                0x00000000000a0664       0x78 drivers/built-in.o
                0x00000000000a0664                uclass_get_device_by_driver
 .text.uclass_get_device_tail
                0x00000000000a06dc       0x3c drivers/built-in.o
                0x00000000000a06dc                uclass_get_device_tail
 .text.uclass_get_device
                0x00000000000a0718       0x38 drivers/built-in.o
                0x00000000000a0718                uclass_get_device
 .text.uclass_get_device_by_seq
                0x00000000000a0750       0x6c drivers/built-in.o
                0x00000000000a0750                uclass_get_device_by_seq
 .text.uclass_get_device_by_of_offset
                0x00000000000a07bc       0x38 drivers/built-in.o
                0x00000000000a07bc                uclass_get_device_by_of_offset
 .text.uclass_get_device_by_ofnode
                0x00000000000a07f4       0x38 drivers/built-in.o
                0x00000000000a07f4                uclass_get_device_by_ofnode
 .text.uclass_get_device_by_phandle
                0x00000000000a082c       0xc8 drivers/built-in.o
                0x00000000000a082c                uclass_get_device_by_phandle
 .text.uclass_first_device
                0x00000000000a08f4       0x38 drivers/built-in.o
                0x00000000000a08f4                uclass_first_device
 .text.uclass_first_device_err
                0x00000000000a092c       0x34 drivers/built-in.o
                0x00000000000a092c                uclass_first_device_err
 .text.uclass_next_device
                0x00000000000a0960       0x40 drivers/built-in.o
                0x00000000000a0960                uclass_next_device
 .text.uclass_first_device_check
                0x00000000000a09a0       0x3c drivers/built-in.o
                0x00000000000a09a0                uclass_first_device_check
 .text.uclass_next_device_check
                0x00000000000a09dc       0x38 drivers/built-in.o
                0x00000000000a09dc                uclass_next_device_check
 .text.uclass_bind_device
                0x00000000000a0a14       0x80 drivers/built-in.o
                0x00000000000a0a14                uclass_bind_device
 .text.uclass_unbind_device
                0x00000000000a0a94       0x54 drivers/built-in.o
                0x00000000000a0a94                uclass_unbind_device
 .text.uclass_resolve_seq
                0x00000000000a0ae8       0xb0 drivers/built-in.o
                0x00000000000a0ae8                uclass_resolve_seq
 .text.uclass_pre_probe_device
                0x00000000000a0b98       0x64 drivers/built-in.o
                0x00000000000a0b98                uclass_pre_probe_device
 .text.uclass_post_probe_device
                0x00000000000a0bfc       0x2c drivers/built-in.o
                0x00000000000a0bfc                uclass_post_probe_device
 .text.uclass_pre_remove_device
                0x00000000000a0c28       0x2c drivers/built-in.o
                0x00000000000a0c28                uclass_pre_remove_device
 .text.dm_warn  0x00000000000a0c54       0x88 drivers/built-in.o
                0x00000000000a0c54                dm_warn
 .text.dm_fdt_pre_reloc
                0x00000000000a0cdc       0x78 drivers/built-in.o
                0x00000000000a0cdc                dm_fdt_pre_reloc
 .text.device_unbind
                0x00000000000a0d54      0x120 drivers/built-in.o
                0x00000000000a0d54                device_unbind
 .text.device_free
                0x00000000000a0e74       0x80 drivers/built-in.o
                0x00000000000a0e74                device_free
 .text.device_remove
                0x00000000000a0ef4      0x180 drivers/built-in.o
                0x00000000000a0ef4                device_remove
 .text.simple_bus_post_bind
                0x00000000000a1074       0x60 drivers/built-in.o
 .text.show_devices
                0x00000000000a10d4      0x124 drivers/built-in.o
 .text.dm_dump_all
                0x00000000000a11f8       0x54 drivers/built-in.o
                0x00000000000a11f8                dm_dump_all
 .text.dm_dump_uclass
                0x00000000000a124c      0x128 drivers/built-in.o
                0x00000000000a124c                dm_dump_uclass
 .text.ofnode_read_u32
                0x00000000000a1374       0x60 drivers/built-in.o
                0x00000000000a1374                ofnode_read_u32
 .text.ofnode_read_u32_default
                0x00000000000a13d4       0x24 drivers/built-in.o
                0x00000000000a13d4                ofnode_read_u32_default
 .text.ofnode_read_u32_array
                0x00000000000a13f8       0x24 drivers/built-in.o
                0x00000000000a13f8                ofnode_read_u32_array
 .text.ofnode_get_name
                0x00000000000a141c       0x10 drivers/built-in.o
                0x00000000000a141c                ofnode_get_name
 .text.ofnode_parse_phandle_with_args
                0x00000000000a142c       0x7c drivers/built-in.o
                0x00000000000a142c                ofnode_parse_phandle_with_args
 .text.ofnode_path
                0x00000000000a14a8       0x20 drivers/built-in.o
                0x00000000000a14a8                ofnode_path
 .text.ofnode_get_property
                0x00000000000a14c8       0x1c drivers/built-in.o
                0x00000000000a14c8                ofnode_get_property
 .text.ofnode_read_bool
                0x00000000000a14e4       0x20 drivers/built-in.o
                0x00000000000a14e4                ofnode_read_bool
 .text.get_desc
                0x00000000000a1504       0xc0 drivers/built-in.o
 .text.blk_get_if_type_name
                0x00000000000a15c4       0x10 drivers/built-in.o
                0x00000000000a15c4                blk_get_if_type_name
 .text.blk_get_devnum_by_typename
                0x00000000000a15d4       0xf8 drivers/built-in.o
                0x00000000000a15d4                blk_get_devnum_by_typename
 .text.blk_list_part
                0x00000000000a16cc       0x7c drivers/built-in.o
                0x00000000000a16cc                blk_list_part
 .text.blk_print_part_devnum
                0x00000000000a1748       0x48 drivers/built-in.o
                0x00000000000a1748                blk_print_part_devnum
 .text.blk_list_devices
                0x00000000000a1790       0x78 drivers/built-in.o
                0x00000000000a1790                blk_list_devices
 .text.blk_print_device_num
                0x00000000000a1808       0x48 drivers/built-in.o
                0x00000000000a1808                blk_print_device_num
 .text.blk_show_device
                0x00000000000a1850       0x80 drivers/built-in.o
                0x00000000000a1850                blk_show_device
 .text.blk_select_hwpart
                0x00000000000a18d0       0x38 drivers/built-in.o
                0x00000000000a18d0                blk_select_hwpart
 .text.blk_dselect_hwpart
                0x00000000000a1908        0x8 drivers/built-in.o
                0x00000000000a1908                blk_dselect_hwpart
 .text.blk_first_device
                0x00000000000a1910       0x60 drivers/built-in.o
                0x00000000000a1910                blk_first_device
 .text.blk_next_device
                0x00000000000a1970       0x68 drivers/built-in.o
                0x00000000000a1970                blk_next_device
 .text.blk_find_device
                0x00000000000a19d8       0x94 drivers/built-in.o
                0x00000000000a19d8                blk_find_device
 .text.blk_get_device
                0x00000000000a1a6c       0x34 drivers/built-in.o
                0x00000000000a1a6c                blk_get_device
 .text.blk_get_devnum_by_type
                0x00000000000a1aa0       0x2c drivers/built-in.o
                0x00000000000a1aa0                blk_get_devnum_by_type
 .text.blk_select_hwpart_devnum
                0x00000000000a1acc       0x34 drivers/built-in.o
                0x00000000000a1acc                blk_select_hwpart_devnum
 .text.blk_dread
                0x00000000000a1b00       0x30 drivers/built-in.o
                0x00000000000a1b00                blk_dread
 .text.blk_read_devnum
                0x00000000000a1b30       0x4c drivers/built-in.o
                0x00000000000a1b30                blk_read_devnum
 .text.blk_dwrite
                0x00000000000a1b7c       0x30 drivers/built-in.o
                0x00000000000a1b7c                blk_dwrite
 .text.blk_write_devnum
                0x00000000000a1bac       0x4c drivers/built-in.o
                0x00000000000a1bac                blk_write_devnum
 .text.blk_derase
                0x00000000000a1bf8       0x30 drivers/built-in.o
                0x00000000000a1bf8                blk_derase
 .text.blk_prepare_device
                0x00000000000a1c28       0x1c drivers/built-in.o
                0x00000000000a1c28                blk_prepare_device
 .text.blk_find_max_devnum
                0x00000000000a1c44       0x88 drivers/built-in.o
                0x00000000000a1c44                blk_find_max_devnum
 .text.blk_create_device
                0x00000000000a1ccc      0x180 drivers/built-in.o
                0x00000000000a1ccc                blk_create_device
 .text.blk_create_devicef
                0x00000000000a1e4c       0xc0 drivers/built-in.o
                0x00000000000a1e4c                blk_create_devicef
 .text.mmc_send_ext_csd
                0x00000000000a1f0c       0x48 drivers/built-in.o
 .text.mmc_send_op_cond_iter
                0x00000000000a1f54       0x74 drivers/built-in.o
 .text.mmc_go_idle
                0x00000000000a1fc8       0x54 drivers/built-in.o
 .text.mmc_set_capacity
                0x00000000000a201c       0x84 drivers/built-in.o
 .text.mmc_send_status
                0x00000000000a20a0       0xd4 drivers/built-in.o
                0x00000000000a20a0                mmc_send_status
 .text.mmc_set_blocklen
                0x00000000000a2174       0x44 drivers/built-in.o
                0x00000000000a2174                mmc_set_blocklen
 .text.mmc_bread
                0x00000000000a21b8      0x190 drivers/built-in.o
                0x00000000000a21b8                mmc_bread
 .text.mmc_switch
                0x00000000000a2348       0x70 drivers/built-in.o
                0x00000000000a2348                mmc_switch
 .text.mmc_switch_part
                0x00000000000a23b8       0x7c drivers/built-in.o
                0x00000000000a23b8                mmc_switch_part
 .text.mmc_hwpart_config
                0x00000000000a2434      0x3b4 drivers/built-in.o
                0x00000000000a2434                mmc_hwpart_config
 .text.mmc_set_clock
                0x00000000000a27e8       0x24 drivers/built-in.o
                0x00000000000a27e8                mmc_set_clock
 .text.mmc_startup
                0x00000000000a280c      0xc78 drivers/built-in.o
 .text.mmc_start_init
                0x00000000000a3484      0x224 drivers/built-in.o
                0x00000000000a3484                mmc_start_init
 .text.mmc_init
                0x00000000000a36a8      0x140 drivers/built-in.o
                0x00000000000a36a8                mmc_init
 .text.mmc_set_dsr
                0x00000000000a37e8       0x10 drivers/built-in.o
                0x00000000000a37e8                mmc_set_dsr
 .text.mmc_initialize
                0x00000000000a37f8       0xdc drivers/built-in.o
                0x00000000000a37f8                mmc_initialize
 .text.mmc_blk_probe
                0x00000000000a38d4       0x1c drivers/built-in.o
 .text.dm_mmc_set_ios
                0x00000000000a38f0       0x2c drivers/built-in.o
                0x00000000000a38f0                dm_mmc_set_ios
 .text.mmc_set_ios
                0x00000000000a391c        0x8 drivers/built-in.o
                0x00000000000a391c                mmc_set_ios
 .text.dm_mmc_get_wp
                0x00000000000a3924       0x2c drivers/built-in.o
                0x00000000000a3924                dm_mmc_get_wp
 .text.mmc_getwp
                0x00000000000a3950        0x8 drivers/built-in.o
                0x00000000000a3950                mmc_getwp
 .text.dm_mmc_get_cd
                0x00000000000a3958       0x2c drivers/built-in.o
                0x00000000000a3958                dm_mmc_get_cd
 .text.mmc_getcd
                0x00000000000a3984        0x8 drivers/built-in.o
                0x00000000000a3984                mmc_getcd
 .text.mmc_get_mmc_dev
                0x00000000000a398c       0x28 drivers/built-in.o
                0x00000000000a398c                mmc_get_mmc_dev
 .text.dm_mmc_send_cmd
                0x00000000000a39b4       0x50 drivers/built-in.o
                0x00000000000a39b4                dm_mmc_send_cmd
 .text.mmc_send_cmd
                0x00000000000a3a04        0x8 drivers/built-in.o
                0x00000000000a3a04                mmc_send_cmd
 .text.mmc_select_hwpart
                0x00000000000a3a0c       0x6c drivers/built-in.o
 .text.find_mmc_device
                0x00000000000a3a78       0x54 drivers/built-in.o
                0x00000000000a3a78                find_mmc_device
 .text.get_mmc_num
                0x00000000000a3acc       0x20 drivers/built-in.o
                0x00000000000a3acc                get_mmc_num
 .text.mmc_get_blk_desc
                0x00000000000a3aec       0x28 drivers/built-in.o
                0x00000000000a3aec                mmc_get_blk_desc
 .text.mmc_do_preinit
                0x00000000000a3b14       0x68 drivers/built-in.o
                0x00000000000a3b14                mmc_do_preinit
 .text.print_mmc_devices
                0x00000000000a3b7c      0x100 drivers/built-in.o
                0x00000000000a3b7c                print_mmc_devices
 .text.mmc_bind
                0x00000000000a3c7c       0xd0 drivers/built-in.o
                0x00000000000a3c7c                mmc_bind
 .text.mmc_berase
                0x00000000000a3d4c      0x1f0 drivers/built-in.o
                0x00000000000a3d4c                mmc_berase
 .text.mmc_bwrite
                0x00000000000a3f3c      0x1d0 drivers/built-in.o
                0x00000000000a3f3c                mmc_bwrite
 .text.sdhci_reset
                0x00000000000a410c       0xc4 drivers/built-in.o
 .text.sdhci_set_ios
                0x00000000000a41d0      0x358 drivers/built-in.o
 .text.sdhci_send_command
                0x00000000000a4528      0x704 drivers/built-in.o
 .text.sdhci_probe
                0x00000000000a4c2c      0x20c drivers/built-in.o
                0x00000000000a4c2c                sdhci_probe
 .text.sdhci_setup_cfg
                0x00000000000a4e38      0x230 drivers/built-in.o
                0x00000000000a4e38                sdhci_setup_cfg
 .text.sdhci_bind
                0x00000000000a5068        0x4 drivers/built-in.o
                0x00000000000a5068                sdhci_bind
 .text.bcm2835_sdhci_readl
                0x00000000000a506c       0x14 drivers/built-in.o
 .text.bcm2835_sdhci_readw
                0x00000000000a5080       0x24 drivers/built-in.o
 .text.bcm2835_sdhci_readb
                0x00000000000a50a4       0x20 drivers/built-in.o
 .text.bcm2835_sdhci_probe
                0x00000000000a50c4       0xf4 drivers/built-in.o
 .text.bcm2835_sdhci_writel
                0x00000000000a51b8       0x68 drivers/built-in.o
 .text.bcm2835_sdhci_writew
                0x00000000000a5220       0xc4 drivers/built-in.o
 .text.bcm2835_sdhci_writeb
                0x00000000000a52e4       0x8c drivers/built-in.o
 .text.bcm2835_sdhci_bind
                0x00000000000a5370       0x2c drivers/built-in.o
 .text.backlight_enable
                0x00000000000a539c       0x2c drivers/built-in.o