efi_boottime.c:109:20:indent_string	32	static
efi_boottime.c:826:28:2	64	static
efi_boottime.c:921:12:4	48	static
efi_boottime.c:707:28:efi_install_protocol_interface	64	static
efi_boottime.c:957:21:5	96	static
efi_boottime.c:61:5:__efi_entry_check	0	static
efi_boottime.c:73:5:__efi_exit_check	0	static
efi_boottime.c:1892:20:efi_set_mem	48	static
efi_boottime.c:1873:20:efi_copy_mem	48	static
efi_boottime.c:1853:28:efi_calculate_crc32	48	static
efi_boottime.c:1834:28:efi_uninstall_multiple_protocol_interfaces	208	static
efi_boottime.c:1778:28:efi_install_multiple_protocol_interfaces	288	static
efi_boottime.c:1731:28:efi_locate_protocol	64	static
efi_boottime.c:1686:28:efi_locate_handle_buffer	80	static
efi_boottime.c:1619:28:efi_protocols_per_handle	48	static
efi_boottime.c:1597:28:efi_open_protocol_information	16	static
efi_boottime.c:1574:28:efi_close_protocol	16	static
efi_boottime.c:1914:28:efi_open_protocol	96	static
efi_boottime.c:1998:28:efi_handle_protocol	0	static
efi_boottime.c:1552:28:efi_disconnect_controller	16	static
efi_boottime.c:1529:28:efi_connect_controller	16	static
efi_boottime.c:1506:28:efi_set_watchdog_timer	16	static
efi_boottime.c:1486:28:efi_stall	32	static
efi_boottime.c:1468:28:efi_get_next_monotonic_count	32	static
efi_boottime.c:1388:28:efi_unload_image	32	static
efi_boottime.c:1033:28:efi_locate_device_path	32	static
efi_boottime.c:1009:28:efi_locate_handle_ext	64	static
efi_boottime.c:901:28:efi_register_protocol_notify	16	static
efi_boottime.c:879:28:efi_uninstall_protocol_interface_ext	48	static
efi_boottime.c:805:28:efi_reinstall_protocol_interface	16	static
efi_boottime.c:779:28:efi_install_protocol_interface_ext	64	static
efi_boottime.c:644:28:efi_close_event	32	static
efi_boottime.c:327:28:efi_free_pool_ext	32	static
efi_boottime.c:306:28:efi_allocate_pool_ext	48	static
efi_boottime.c:278:28:efi_get_memory_map_ext	64	static
efi_boottime.c:253:28:efi_free_pages_ext	48	static
efi_boottime.c:231:28:efi_allocate_pages_ext	64	static
efi_boottime.c:205:20:efi_restore_tpl	32	static
efi_boottime.c:180:29:efi_raise_tpl	48	static
efi_boottime.c:83:6:efi_save_gd	0	static
efi_boottime.c:95:6:efi_restore_gd	0	static
efi_boottime.c:1334:28:efi_exit	80	static
efi_boottime.c:117:13:__efi_nesting	0	static
efi_boottime.c:122:13:__efi_nesting_inc	0	static
efi_boottime.c:127:13:__efi_nesting_dec	0	static
efi_boottime.c:1293:28:efi_start_image	96	static
efi_boottime.c:145:6:efi_signal_event	32	static
efi_boottime.c:1426:28:efi_exit_boot_services	32	static
efi_boottime.c:616:28:efi_signal_event_ext	32	static
efi_boottime.c:374:14:efi_create_event	0	static
efi_boottime.c:423:28:efi_create_event_ext	64	static
efi_boottime.c:444:6:efi_timer_check	48	static
efi_boottime.c:673:28:efi_check_event	32	static
efi_boottime.c:554:28:efi_wait_for_event	64	static
efi_boottime.c:485:14:efi_set_timer	48	static
efi_boottime.c:534:28:efi_set_timer_ext	48	static
efi_boottime.c:1072:14:efi_install_configuration_table	96	static
efi_boottime.c:1113:28:efi_install_configuration_table_ext	48	static
efi_boottime.c:1130:6:efi_setup_loaded_image	32	static
efi_boottime.c:1171:14:efi_load_image_from_path	96	static
efi_boottime.c:1228:28:efi_load_image	80	static
