blk-uclass.c:144:12:get_desc	80	static
blk-uclass.c:60:13:blk_get_if_type_name	0	static
blk-uclass.c:84:18:blk_get_devnum_by_typename	80	static
blk-uclass.c:189:5:blk_list_part	64	static
blk-uclass.c:214:5:blk_print_part_devnum	48	static
blk-uclass.c:229:6:blk_list_devices	64	static
blk-uclass.c:248:5:blk_print_device_num	48	static
blk-uclass.c:262:5:blk_show_device	48	static
blk-uclass.c:312:5:blk_select_hwpart	16	static
blk-uclass.c:324:5:blk_dselect_hwpart	0	static
blk-uclass.c:329:5:blk_first_device	32	static
blk-uclass.c:351:5:blk_next_device	48	static
blk-uclass.c:370:5:blk_find_device	64	static
blk-uclass.c:393:5:blk_get_device	32	static
blk-uclass.c:65:18:blk_get_devnum_by_type	32	static
blk-uclass.c:177:5:blk_select_hwpart_devnum	48	static
blk-uclass.c:404:15:blk_dread	16	static
blk-uclass.c:283:7:blk_read_devnum	64	static
blk-uclass.c:425:15:blk_dwrite	16	static
blk-uclass.c:300:7:blk_write_devnum	64	static
blk-uclass.c:438:15:blk_derase	16	static
blk-uclass.c:451:5:blk_prepare_device	16	static
blk-uclass.c:460:5:blk_get_from_parent	48	static
blk-uclass.c:486:5:blk_find_max_devnum	64	static
blk-uclass.c:544:5:blk_create_device	112	static
blk-uclass.c:576:5:blk_create_devicef	112	static
blk-uclass.c:599:5:blk_unbind_all	64	static
